=== lucind-ai mechanical check ===
Git Commit SHA: f3d2292f099857c5f4a3465a8f4a9a769f1e8a27
Command: lucind-checks.sh
Duration: 2m19.372552676s
Exit Code: 0
==================================
ok  	github.com/LanzerDevCorp/lucind-ai/cmd/lucind-ai	27.947s
ok  	github.com/LanzerDevCorp/lucind-ai/internal/barrier	1.069s
ok  	github.com/LanzerDevCorp/lucind-ai/internal/buildcheck	5.437s
ok  	github.com/LanzerDevCorp/lucind-ai/internal/dag	1.192s
ok  	github.com/LanzerDevCorp/lucind-ai/internal/executor	17.374s
ok  	github.com/LanzerDevCorp/lucind-ai/internal/feature	12.764s
ok  	github.com/LanzerDevCorp/lucind-ai/internal/integrate	22.744s
ok  	github.com/LanzerDevCorp/lucind-ai/internal/lane	1.081s
ok  	github.com/LanzerDevCorp/lucind-ai/internal/ledger	51.400s
ok  	github.com/LanzerDevCorp/lucind-ai/internal/ledgerpath	1.070s
ok  	github.com/LanzerDevCorp/lucind-ai/internal/overlap	4.259s
ok  	github.com/LanzerDevCorp/lucind-ai/internal/packet	1.285s
ok  	github.com/LanzerDevCorp/lucind-ai/internal/reconcile	22.793s
ok  	github.com/LanzerDevCorp/lucind-ai/internal/resolve	5.419s
ok  	github.com/LanzerDevCorp/lucind-ai/internal/result	1.401s
ok  	github.com/LanzerDevCorp/lucind-ai/internal/run	113.964s
ok  	github.com/LanzerDevCorp/lucind-ai/internal/serve	22.822s
ok  	github.com/LanzerDevCorp/lucind-ai/internal/worktree	5.190s
