=== lucind-ai mechanical check ===
Git Commit SHA: 51a3f6123ff33d783d03282143bd874382c941f7
Command: lucind-checks.sh
Duration: 1m28.890970839s
Exit Code: 0
==================================
ok  	github.com/LanzerDevCorp/lucind-ai/cmd/lucind-ai	16.297s
ok  	github.com/LanzerDevCorp/lucind-ai/internal/barrier	1.053s
ok  	github.com/LanzerDevCorp/lucind-ai/internal/buildcheck	3.835s
ok  	github.com/LanzerDevCorp/lucind-ai/internal/dag	1.141s
ok  	github.com/LanzerDevCorp/lucind-ai/internal/executor	16.826s
ok  	github.com/LanzerDevCorp/lucind-ai/internal/feature	8.264s
ok  	github.com/LanzerDevCorp/lucind-ai/internal/integrate	14.212s
ok  	github.com/LanzerDevCorp/lucind-ai/internal/lane	1.044s
ok  	github.com/LanzerDevCorp/lucind-ai/internal/ledger	31.841s
ok  	github.com/LanzerDevCorp/lucind-ai/internal/ledgerpath	1.035s
ok  	github.com/LanzerDevCorp/lucind-ai/internal/overlap	2.818s
ok  	github.com/LanzerDevCorp/lucind-ai/internal/packet	1.122s
ok  	github.com/LanzerDevCorp/lucind-ai/internal/reconcile	13.611s
ok  	github.com/LanzerDevCorp/lucind-ai/internal/resolve	3.552s
ok  	github.com/LanzerDevCorp/lucind-ai/internal/result	1.246s
ok  	github.com/LanzerDevCorp/lucind-ai/internal/run	71.922s
ok  	github.com/LanzerDevCorp/lucind-ai/internal/serve	14.029s
ok  	github.com/LanzerDevCorp/lucind-ai/internal/worktree	3.163s
