=== lucind-ai mechanical check ===
Git Commit SHA: e08f6e284a4529bac7cffea0989387ca12da1404
Command: lucind-checks.sh
Duration: 20.899466772s
Exit Code: 0
==================================
ok  	github.com/LanzerDevCorp/lucind-ai/cmd/lucind-ai	3.921s
ok  	github.com/LanzerDevCorp/lucind-ai/internal/barrier	1.014s
ok  	github.com/LanzerDevCorp/lucind-ai/internal/buildcheck	1.726s
ok  	github.com/LanzerDevCorp/lucind-ai/internal/dag	1.049s
ok  	github.com/LanzerDevCorp/lucind-ai/internal/executor	16.463s
ok  	github.com/LanzerDevCorp/lucind-ai/internal/feature	2.587s
ok  	github.com/LanzerDevCorp/lucind-ai/internal/integrate	3.921s
ok  	github.com/LanzerDevCorp/lucind-ai/internal/lane	1.026s
ok  	github.com/LanzerDevCorp/lucind-ai/internal/ledger	5.397s
ok  	github.com/LanzerDevCorp/lucind-ai/internal/ledgerpath	1.012s
ok  	github.com/LanzerDevCorp/lucind-ai/internal/overlap	1.690s
ok  	github.com/LanzerDevCorp/lucind-ai/internal/packet	1.036s
ok  	github.com/LanzerDevCorp/lucind-ai/internal/reconcile	3.036s
ok  	github.com/LanzerDevCorp/lucind-ai/internal/resolve	1.819s
ok  	github.com/LanzerDevCorp/lucind-ai/internal/result	1.074s
ok  	github.com/LanzerDevCorp/lucind-ai/internal/run	15.443s
ok  	github.com/LanzerDevCorp/lucind-ai/internal/serve	1.977s
ok  	github.com/LanzerDevCorp/lucind-ai/internal/worktree	1.730s
