=== lucind-ai mechanical check ===
Git Commit SHA: cce1c970705fed6636092261b23671e5f7b7d182
Command: lucind-checks.sh
Duration: 12.549895631s
Exit Code: 0
==================================
ok  	github.com/LanzerDevCorp/lucind-ai/cmd/lucind-ai	1.763s
ok  	github.com/LanzerDevCorp/lucind-ai/internal/barrier	1.015s
ok  	github.com/LanzerDevCorp/lucind-ai/internal/buildcheck	1.524s
ok  	github.com/LanzerDevCorp/lucind-ai/internal/dag	1.038s
ok  	github.com/LanzerDevCorp/lucind-ai/internal/executor	11.281s
ok  	github.com/LanzerDevCorp/lucind-ai/internal/integrate	1.571s
ok  	github.com/LanzerDevCorp/lucind-ai/internal/lane	1.013s
ok  	github.com/LanzerDevCorp/lucind-ai/internal/ledger	1.726s
ok  	github.com/LanzerDevCorp/lucind-ai/internal/ledgerpath	1.011s
ok  	github.com/LanzerDevCorp/lucind-ai/internal/packet	1.022s
ok  	github.com/LanzerDevCorp/lucind-ai/internal/resolve	1.297s
ok  	github.com/LanzerDevCorp/lucind-ai/internal/result	1.037s
ok  	github.com/LanzerDevCorp/lucind-ai/internal/run	5.112s
ok  	github.com/LanzerDevCorp/lucind-ai/internal/worktree	1.289s
