=== lucind-ai mechanical check ===
Git Commit SHA: cfee550a326975bf27b43a968ca1d54396e10046
Command: lucind-checks.sh
Duration: 12.595374208s
Exit Code: 0
==================================
ok  	github.com/LanzerDevCorp/lucind-ai/cmd/lucind-ai	1.806s
ok  	github.com/LanzerDevCorp/lucind-ai/internal/barrier	1.016s
ok  	github.com/LanzerDevCorp/lucind-ai/internal/buildcheck	1.520s
ok  	github.com/LanzerDevCorp/lucind-ai/internal/dag	1.039s
ok  	github.com/LanzerDevCorp/lucind-ai/internal/executor	11.283s
ok  	github.com/LanzerDevCorp/lucind-ai/internal/integrate	1.572s
ok  	github.com/LanzerDevCorp/lucind-ai/internal/lane	1.014s
ok  	github.com/LanzerDevCorp/lucind-ai/internal/ledger	1.781s
ok  	github.com/LanzerDevCorp/lucind-ai/internal/ledgerpath	1.011s
ok  	github.com/LanzerDevCorp/lucind-ai/internal/packet	1.020s
ok  	github.com/LanzerDevCorp/lucind-ai/internal/resolve	1.292s
ok  	github.com/LanzerDevCorp/lucind-ai/internal/result	1.036s
ok  	github.com/LanzerDevCorp/lucind-ai/internal/run	5.444s
ok  	github.com/LanzerDevCorp/lucind-ai/internal/worktree	1.302s
