=== lucind-ai mechanical check ===
Git Commit SHA: 13b6295ab5a5f5d681b03fd8a26b975168373dd0
Command: lucind-checks.sh
Duration: 58.01288831s
Exit Code: 0
==================================
ok  	github.com/LanzerDevCorp/lucind-ai/cmd/lucind-ai	56.492s
ok  	github.com/LanzerDevCorp/lucind-ai/internal/barrier	1.015s
ok  	github.com/LanzerDevCorp/lucind-ai/internal/buildcheck	1.715s
ok  	github.com/LanzerDevCorp/lucind-ai/internal/conflicttriage	2.316s
ok  	github.com/LanzerDevCorp/lucind-ai/internal/conflicttriage/fixture	2.957s
ok  	github.com/LanzerDevCorp/lucind-ai/internal/dag	1.058s
ok  	github.com/LanzerDevCorp/lucind-ai/internal/executor	16.865s
ok  	github.com/LanzerDevCorp/lucind-ai/internal/feature	4.326s
ok  	github.com/LanzerDevCorp/lucind-ai/internal/integrate	5.071s
ok  	github.com/LanzerDevCorp/lucind-ai/internal/lane	1.011s
ok  	github.com/LanzerDevCorp/lucind-ai/internal/lanecheck	1.174s
ok  	github.com/LanzerDevCorp/lucind-ai/internal/ledger	18.259s
ok  	github.com/LanzerDevCorp/lucind-ai/internal/ledgerpath	1.012s
ok  	github.com/LanzerDevCorp/lucind-ai/internal/overlap	1.601s
ok  	github.com/LanzerDevCorp/lucind-ai/internal/packet	1.037s
ok  	github.com/LanzerDevCorp/lucind-ai/internal/reconcile	6.544s
ok  	github.com/LanzerDevCorp/lucind-ai/internal/resolve	1.783s
ok  	github.com/LanzerDevCorp/lucind-ai/internal/result	1.045s
ok  	github.com/LanzerDevCorp/lucind-ai/internal/run	42.865s
ok  	github.com/LanzerDevCorp/lucind-ai/internal/serve	12.849s
ok  	github.com/LanzerDevCorp/lucind-ai/internal/worktree	1.890s
