=== lucind-ai mechanical check ===
Git Commit SHA: 047c5b885ef07bc4586ea31463f0ef25a07806e1
Command: lucind-checks.sh
Duration: 23.72924223s
Exit Code: 0
==================================
ok  	github.com/LanzerDevCorp/lucind-ai/cmd/lucind-ai	4.665s
ok  	github.com/LanzerDevCorp/lucind-ai/internal/barrier	1.020s
ok  	github.com/LanzerDevCorp/lucind-ai/internal/buildcheck	1.873s
ok  	github.com/LanzerDevCorp/lucind-ai/internal/dag	1.070s
ok  	github.com/LanzerDevCorp/lucind-ai/internal/executor	16.494s
ok  	github.com/LanzerDevCorp/lucind-ai/internal/feature	2.868s
ok  	github.com/LanzerDevCorp/lucind-ai/internal/integrate	4.770s
ok  	github.com/LanzerDevCorp/lucind-ai/internal/lane	1.019s
ok  	github.com/LanzerDevCorp/lucind-ai/internal/ledger	6.212s
ok  	github.com/LanzerDevCorp/lucind-ai/internal/ledgerpath	1.022s
ok  	github.com/LanzerDevCorp/lucind-ai/internal/overlap	1.993s
ok  	github.com/LanzerDevCorp/lucind-ai/internal/packet	1.046s
ok  	github.com/LanzerDevCorp/lucind-ai/internal/reconcile	3.760s
ok  	github.com/LanzerDevCorp/lucind-ai/internal/resolve	2.080s
ok  	github.com/LanzerDevCorp/lucind-ai/internal/result	1.058s
ok  	github.com/LanzerDevCorp/lucind-ai/internal/run	17.237s
ok  	github.com/LanzerDevCorp/lucind-ai/internal/serve	2.076s
ok  	github.com/LanzerDevCorp/lucind-ai/internal/worktree	1.836s
