=== lucind-ai mechanical check ===
Git Commit SHA: f7421fb0a88f1a8727547242f0dad7756ff2dbe3
Command: lucind-checks.sh
Duration: 1m24.08450728s
Exit Code: 0
==================================
ok  	github.com/LanzerDevCorp/lucind-ai/cmd/lucind-ai	82.014s
ok  	github.com/LanzerDevCorp/lucind-ai/internal/barrier	1.012s
ok  	github.com/LanzerDevCorp/lucind-ai/internal/buildcheck	1.694s
ok  	github.com/LanzerDevCorp/lucind-ai/internal/dag	1.036s
ok  	github.com/LanzerDevCorp/lucind-ai/internal/executor	11.278s
ok  	github.com/LanzerDevCorp/lucind-ai/internal/integrate	1.657s
ok  	github.com/LanzerDevCorp/lucind-ai/internal/lane	1.011s
ok  	github.com/LanzerDevCorp/lucind-ai/internal/ledger	2.479s
ok  	github.com/LanzerDevCorp/lucind-ai/internal/ledgerpath	1.012s
ok  	github.com/LanzerDevCorp/lucind-ai/internal/packet	1.024s
ok  	github.com/LanzerDevCorp/lucind-ai/internal/resolve	1.406s
ok  	github.com/LanzerDevCorp/lucind-ai/internal/result	1.045s
ok  	github.com/LanzerDevCorp/lucind-ai/internal/run	7.490s
ok  	github.com/LanzerDevCorp/lucind-ai/internal/serve	1.153s
ok  	github.com/LanzerDevCorp/lucind-ai/internal/worktree	1.430s
