=== lucind-ai mechanical check ===
Git Commit SHA: f121989e4d5c2ea96e1b91e26d9e39fcc955ee2b
Command: lucind-checks.sh
Duration: 17.868553282s
Exit Code: 0
==================================
ok  	github.com/LanzerDevCorp/lucind-ai/cmd/lucind-ai	3.391s
ok  	github.com/LanzerDevCorp/lucind-ai/internal/barrier	1.016s
ok  	github.com/LanzerDevCorp/lucind-ai/internal/buildcheck	1.718s
ok  	github.com/LanzerDevCorp/lucind-ai/internal/dag	1.054s
ok  	github.com/LanzerDevCorp/lucind-ai/internal/executor	11.311s
ok  	github.com/LanzerDevCorp/lucind-ai/internal/feature	2.091s
ok  	github.com/LanzerDevCorp/lucind-ai/internal/integrate	3.617s
ok  	github.com/LanzerDevCorp/lucind-ai/internal/lane	1.015s
ok  	github.com/LanzerDevCorp/lucind-ai/internal/ledger	4.343s
ok  	github.com/LanzerDevCorp/lucind-ai/internal/ledgerpath	1.016s
ok  	github.com/LanzerDevCorp/lucind-ai/internal/overlap	1.698s
ok  	github.com/LanzerDevCorp/lucind-ai/internal/packet	1.032s
ok  	github.com/LanzerDevCorp/lucind-ai/internal/reconcile	2.643s
ok  	github.com/LanzerDevCorp/lucind-ai/internal/resolve	1.988s
ok  	github.com/LanzerDevCorp/lucind-ai/internal/result	1.053s
ok  	github.com/LanzerDevCorp/lucind-ai/internal/run	11.922s
ok  	github.com/LanzerDevCorp/lucind-ai/internal/serve	1.859s
ok  	github.com/LanzerDevCorp/lucind-ai/internal/worktree	1.950s
