=== lucind-ai mechanical check ===
Git Commit SHA: b12531c9311dd76bbc9bc0e5d3e8029113a486c1
Command: lucind-checks.sh
Duration: 1m26.112511241s
Exit Code: 0
==================================
ok  	github.com/LanzerDevCorp/lucind-ai/cmd/lucind-ai	13.336s
ok  	github.com/LanzerDevCorp/lucind-ai/internal/barrier	1.024s
ok  	github.com/LanzerDevCorp/lucind-ai/internal/buildcheck	2.384s
ok  	github.com/LanzerDevCorp/lucind-ai/internal/dag	1.458s
ok  	github.com/LanzerDevCorp/lucind-ai/internal/executor	16.520s
ok  	github.com/LanzerDevCorp/lucind-ai/internal/feature	9.285s
ok  	github.com/LanzerDevCorp/lucind-ai/internal/integrate	11.234s
ok  	github.com/LanzerDevCorp/lucind-ai/internal/lane	1.030s
ok  	github.com/LanzerDevCorp/lucind-ai/internal/ledger	46.053s
ok  	github.com/LanzerDevCorp/lucind-ai/internal/ledgerpath	1.015s
ok  	github.com/LanzerDevCorp/lucind-ai/internal/overlap	4.212s
ok  	github.com/LanzerDevCorp/lucind-ai/internal/packet	1.050s
ok  	github.com/LanzerDevCorp/lucind-ai/internal/reconcile	9.305s
ok  	github.com/LanzerDevCorp/lucind-ai/internal/resolve	2.362s
ok  	github.com/LanzerDevCorp/lucind-ai/internal/result	1.111s
ok  	github.com/LanzerDevCorp/lucind-ai/internal/run	76.257s
ok  	github.com/LanzerDevCorp/lucind-ai/internal/serve	27.728s
ok  	github.com/LanzerDevCorp/lucind-ai/internal/worktree	2.037s
