=== lucind-ai mechanical check ===
Git Commit SHA: 6a7dfa8c3da4f8087385f65ad86f006c13263647
Command: lucind-checks.sh
Duration: 59.473252327s
Exit Code: 0
==================================
ok  	github.com/LanzerDevCorp/lucind-ai/cmd/lucind-ai	9.265s
ok  	github.com/LanzerDevCorp/lucind-ai/internal/barrier	1.023s
ok  	github.com/LanzerDevCorp/lucind-ai/internal/buildcheck	2.187s
ok  	github.com/LanzerDevCorp/lucind-ai/internal/dag	1.065s
ok  	github.com/LanzerDevCorp/lucind-ai/internal/executor	16.492s
ok  	github.com/LanzerDevCorp/lucind-ai/internal/feature	5.139s
ok  	github.com/LanzerDevCorp/lucind-ai/internal/integrate	6.483s
ok  	github.com/LanzerDevCorp/lucind-ai/internal/lane	1.022s
ok  	github.com/LanzerDevCorp/lucind-ai/internal/ledger	18.035s
ok  	github.com/LanzerDevCorp/lucind-ai/internal/ledgerpath	1.022s
ok  	github.com/LanzerDevCorp/lucind-ai/internal/overlap	1.842s
ok  	github.com/LanzerDevCorp/lucind-ai/internal/packet	1.076s
ok  	github.com/LanzerDevCorp/lucind-ai/internal/reconcile	7.188s
ok  	github.com/LanzerDevCorp/lucind-ai/internal/resolve	1.903s
ok  	github.com/LanzerDevCorp/lucind-ai/internal/result	1.088s
ok  	github.com/LanzerDevCorp/lucind-ai/internal/run	49.249s
ok  	github.com/LanzerDevCorp/lucind-ai/internal/serve	8.315s
ok  	github.com/LanzerDevCorp/lucind-ai/internal/worktree	1.888s
