=== lucind-ai mechanical check ===
Git Commit SHA: f5e3a7fb727e51afa244bdc999128e1dbd11da7f
Command: lucind-checks.sh
Duration: 1m4.69655945s
Exit Code: 0
==================================
ok  	github.com/LanzerDevCorp/lucind-ai/cmd/lucind-ai	61.233s
ok  	github.com/LanzerDevCorp/lucind-ai/internal/barrier	1.016s
ok  	github.com/LanzerDevCorp/lucind-ai/internal/buildcheck	1.641s
ok  	github.com/LanzerDevCorp/lucind-ai/internal/conflicttriage	2.224s
ok  	github.com/LanzerDevCorp/lucind-ai/internal/conflicttriage/fixture	2.773s
ok  	github.com/LanzerDevCorp/lucind-ai/internal/dag	1.052s
ok  	github.com/LanzerDevCorp/lucind-ai/internal/executor	16.930s
ok  	github.com/LanzerDevCorp/lucind-ai/internal/feature	4.159s
ok  	github.com/LanzerDevCorp/lucind-ai/internal/integrate	5.188s
ok  	github.com/LanzerDevCorp/lucind-ai/internal/lane	1.013s
ok  	github.com/LanzerDevCorp/lucind-ai/internal/lanecheck	1.185s
ok  	github.com/LanzerDevCorp/lucind-ai/internal/ledger	21.539s
ok  	github.com/LanzerDevCorp/lucind-ai/internal/ledgerpath	1.012s
ok  	github.com/LanzerDevCorp/lucind-ai/internal/overlap	1.601s
ok  	github.com/LanzerDevCorp/lucind-ai/internal/packet	1.049s
ok  	github.com/LanzerDevCorp/lucind-ai/internal/reconcile	7.004s
ok  	github.com/LanzerDevCorp/lucind-ai/internal/resolve	1.905s
ok  	github.com/LanzerDevCorp/lucind-ai/internal/result	1.054s
ok  	github.com/LanzerDevCorp/lucind-ai/internal/run	46.802s
ok  	github.com/LanzerDevCorp/lucind-ai/internal/serve	14.619s
ok  	github.com/LanzerDevCorp/lucind-ai/internal/worktree	1.991s
