=== lucind-ai mechanical check ===
Git Commit SHA: b12531c9311dd76bbc9bc0e5d3e8029113a486c1
Command: lucind-checks.sh
Duration: 57.509163554s
Exit Code: 0
==================================
ok  	github.com/LanzerDevCorp/lucind-ai/cmd/lucind-ai	9.308s
ok  	github.com/LanzerDevCorp/lucind-ai/internal/barrier	1.023s
ok  	github.com/LanzerDevCorp/lucind-ai/internal/buildcheck	2.159s
ok  	github.com/LanzerDevCorp/lucind-ai/internal/dag	1.075s
ok  	github.com/LanzerDevCorp/lucind-ai/internal/executor	16.486s
ok  	github.com/LanzerDevCorp/lucind-ai/internal/feature	4.989s
ok  	github.com/LanzerDevCorp/lucind-ai/internal/integrate	6.631s
ok  	github.com/LanzerDevCorp/lucind-ai/internal/lane	1.031s
ok  	github.com/LanzerDevCorp/lucind-ai/internal/ledger	17.680s
ok  	github.com/LanzerDevCorp/lucind-ai/internal/ledgerpath	1.020s
ok  	github.com/LanzerDevCorp/lucind-ai/internal/overlap	1.752s
ok  	github.com/LanzerDevCorp/lucind-ai/internal/packet	1.052s
ok  	github.com/LanzerDevCorp/lucind-ai/internal/reconcile	7.429s
ok  	github.com/LanzerDevCorp/lucind-ai/internal/resolve	1.887s
ok  	github.com/LanzerDevCorp/lucind-ai/internal/result	1.069s
ok  	github.com/LanzerDevCorp/lucind-ai/internal/run	48.320s
ok  	github.com/LanzerDevCorp/lucind-ai/internal/serve	9.193s
ok  	github.com/LanzerDevCorp/lucind-ai/internal/worktree	2.040s
