=== lucind-ai mechanical check ===
Git Commit SHA: f84e085aac365bbf43e09fade996ba26ce342c41
Command: lucind-checks.sh
Duration: 12.514292888s
Exit Code: 0
==================================
ok  	github.com/LanzerDevCorp/lucind-ai/cmd/lucind-ai	1.761s
ok  	github.com/LanzerDevCorp/lucind-ai/internal/barrier	1.014s
ok  	github.com/LanzerDevCorp/lucind-ai/internal/buildcheck	1.467s
ok  	github.com/LanzerDevCorp/lucind-ai/internal/dag	1.038s
ok  	github.com/LanzerDevCorp/lucind-ai/internal/executor	11.285s
ok  	github.com/LanzerDevCorp/lucind-ai/internal/integrate	1.539s
ok  	github.com/LanzerDevCorp/lucind-ai/internal/lane	1.015s
ok  	github.com/LanzerDevCorp/lucind-ai/internal/ledger	1.731s
ok  	github.com/LanzerDevCorp/lucind-ai/internal/ledgerpath	1.011s
ok  	github.com/LanzerDevCorp/lucind-ai/internal/packet	1.020s
ok  	github.com/LanzerDevCorp/lucind-ai/internal/resolve	1.267s
ok  	github.com/LanzerDevCorp/lucind-ai/internal/result	1.035s
ok  	github.com/LanzerDevCorp/lucind-ai/internal/run	5.167s
ok  	github.com/LanzerDevCorp/lucind-ai/internal/worktree	1.345s
