=== lucind-ai mechanical check ===
Git Commit SHA: b5488f08f20f3ea9b3ed78d0dbb1964769413cbb
Command: lucind-checks.sh
Duration: 12.610472931s
Exit Code: 0
==================================
ok  	github.com/LanzerDevCorp/lucind-ai/cmd/lucind-ai	1.868s
ok  	github.com/LanzerDevCorp/lucind-ai/internal/barrier	1.014s
ok  	github.com/LanzerDevCorp/lucind-ai/internal/buildcheck	1.573s
ok  	github.com/LanzerDevCorp/lucind-ai/internal/dag	1.042s
ok  	github.com/LanzerDevCorp/lucind-ai/internal/executor	11.284s
ok  	github.com/LanzerDevCorp/lucind-ai/internal/integrate	1.652s
ok  	github.com/LanzerDevCorp/lucind-ai/internal/lane	1.017s
ok  	github.com/LanzerDevCorp/lucind-ai/internal/ledger	1.836s
ok  	github.com/LanzerDevCorp/lucind-ai/internal/ledgerpath	1.013s
ok  	github.com/LanzerDevCorp/lucind-ai/internal/packet	1.024s
ok  	github.com/LanzerDevCorp/lucind-ai/internal/resolve	1.330s
ok  	github.com/LanzerDevCorp/lucind-ai/internal/result	1.033s
ok  	github.com/LanzerDevCorp/lucind-ai/internal/run	5.339s
ok  	github.com/LanzerDevCorp/lucind-ai/internal/worktree	1.311s
