=== lucind-ai mechanical check ===
Git Commit SHA: 4959d692fdf1b61787fad0f1f992e202e2eafd53
Command: lucind-checks.sh
Duration: 2m32.466419956s
Exit Code: 0
==================================
ok  	github.com/LanzerDevCorp/lucind-ai/cmd/lucind-ai	28.678s
ok  	github.com/LanzerDevCorp/lucind-ai/internal/barrier	1.077s
ok  	github.com/LanzerDevCorp/lucind-ai/internal/buildcheck	4.883s
ok  	github.com/LanzerDevCorp/lucind-ai/internal/dag	1.188s
ok  	github.com/LanzerDevCorp/lucind-ai/internal/executor	17.160s
ok  	github.com/LanzerDevCorp/lucind-ai/internal/feature	12.489s
ok  	github.com/LanzerDevCorp/lucind-ai/internal/integrate	23.668s
ok  	github.com/LanzerDevCorp/lucind-ai/internal/lane	1.053s
ok  	github.com/LanzerDevCorp/lucind-ai/internal/ledger	53.432s
ok  	github.com/LanzerDevCorp/lucind-ai/internal/ledgerpath	1.055s
ok  	github.com/LanzerDevCorp/lucind-ai/internal/overlap	5.443s
ok  	github.com/LanzerDevCorp/lucind-ai/internal/packet	1.283s
ok  	github.com/LanzerDevCorp/lucind-ai/internal/reconcile	23.308s
ok  	github.com/LanzerDevCorp/lucind-ai/internal/resolve	6.910s
ok  	github.com/LanzerDevCorp/lucind-ai/internal/result	1.328s
ok  	github.com/LanzerDevCorp/lucind-ai/internal/run	111.707s
ok  	github.com/LanzerDevCorp/lucind-ai/internal/serve	10.354s
ok  	github.com/LanzerDevCorp/lucind-ai/internal/worktree	4.969s
