=== lucind-ai mechanical check ===
Git Commit SHA: f6b303241b5b3800b37ce4d379434d36d335eec6
Command: lucind-checks.sh
Duration: 1m26.616458594s
Exit Code: 0
==================================
ok  	github.com/LanzerDevCorp/lucind-ai/cmd/lucind-ai	16.898s
ok  	github.com/LanzerDevCorp/lucind-ai/internal/barrier	1.065s
ok  	github.com/LanzerDevCorp/lucind-ai/internal/buildcheck	3.712s
ok  	github.com/LanzerDevCorp/lucind-ai/internal/dag	1.149s
ok  	github.com/LanzerDevCorp/lucind-ai/internal/executor	16.859s
ok  	github.com/LanzerDevCorp/lucind-ai/internal/feature	7.878s
ok  	github.com/LanzerDevCorp/lucind-ai/internal/integrate	13.857s
ok  	github.com/LanzerDevCorp/lucind-ai/internal/lane	1.054s
ok  	github.com/LanzerDevCorp/lucind-ai/internal/ledger	31.734s
ok  	github.com/LanzerDevCorp/lucind-ai/internal/ledgerpath	1.041s
ok  	github.com/LanzerDevCorp/lucind-ai/internal/overlap	2.870s
ok  	github.com/LanzerDevCorp/lucind-ai/internal/packet	1.105s
ok  	github.com/LanzerDevCorp/lucind-ai/internal/reconcile	14.178s
ok  	github.com/LanzerDevCorp/lucind-ai/internal/resolve	3.480s
ok  	github.com/LanzerDevCorp/lucind-ai/internal/result	1.193s
ok  	github.com/LanzerDevCorp/lucind-ai/internal/run	72.896s
ok  	github.com/LanzerDevCorp/lucind-ai/internal/serve	15.029s
ok  	github.com/LanzerDevCorp/lucind-ai/internal/worktree	3.410s
