=== lucind-ai mechanical check ===
Git Commit SHA: 28bbcc3eb08b183928efc4d931798873823d2a51
Command: lucind-checks.sh
Duration: 1m28.675905627s
Exit Code: 0
==================================
ok  	github.com/LanzerDevCorp/lucind-ai/cmd/lucind-ai	16.475s
ok  	github.com/LanzerDevCorp/lucind-ai/internal/barrier	1.041s
ok  	github.com/LanzerDevCorp/lucind-ai/internal/buildcheck	3.643s
ok  	github.com/LanzerDevCorp/lucind-ai/internal/dag	1.141s
ok  	github.com/LanzerDevCorp/lucind-ai/internal/executor	16.877s
ok  	github.com/LanzerDevCorp/lucind-ai/internal/feature	8.342s
ok  	github.com/LanzerDevCorp/lucind-ai/internal/integrate	13.912s
ok  	github.com/LanzerDevCorp/lucind-ai/internal/lane	1.049s
ok  	github.com/LanzerDevCorp/lucind-ai/internal/ledger	31.138s
ok  	github.com/LanzerDevCorp/lucind-ai/internal/ledgerpath	1.034s
ok  	github.com/LanzerDevCorp/lucind-ai/internal/overlap	3.041s
ok  	github.com/LanzerDevCorp/lucind-ai/internal/packet	1.189s
ok  	github.com/LanzerDevCorp/lucind-ai/internal/reconcile	13.234s
ok  	github.com/LanzerDevCorp/lucind-ai/internal/resolve	3.243s
ok  	github.com/LanzerDevCorp/lucind-ai/internal/result	1.185s
ok  	github.com/LanzerDevCorp/lucind-ai/internal/run	71.711s
ok  	github.com/LanzerDevCorp/lucind-ai/internal/serve	11.573s
ok  	github.com/LanzerDevCorp/lucind-ai/internal/worktree	3.297s
