=== lucind-ai mechanical check ===
Git Commit SHA: 56327fc3c3bb2c43a295db0953266351e35eacaa
Command: lucind-checks.sh
Duration: 1m30.528020755s
Exit Code: 0
==================================
ok  	github.com/LanzerDevCorp/lucind-ai/cmd/lucind-ai	15.664s
ok  	github.com/LanzerDevCorp/lucind-ai/internal/barrier	1.063s
ok  	github.com/LanzerDevCorp/lucind-ai/internal/buildcheck	3.657s
ok  	github.com/LanzerDevCorp/lucind-ai/internal/dag	1.159s
ok  	github.com/LanzerDevCorp/lucind-ai/internal/executor	16.849s
ok  	github.com/LanzerDevCorp/lucind-ai/internal/feature	8.072s
ok  	github.com/LanzerDevCorp/lucind-ai/internal/integrate	13.772s
ok  	github.com/LanzerDevCorp/lucind-ai/internal/lane	1.041s
ok  	github.com/LanzerDevCorp/lucind-ai/internal/ledger	30.239s
ok  	github.com/LanzerDevCorp/lucind-ai/internal/ledgerpath	1.045s
ok  	github.com/LanzerDevCorp/lucind-ai/internal/overlap	3.010s
ok  	github.com/LanzerDevCorp/lucind-ai/internal/packet	1.162s
ok  	github.com/LanzerDevCorp/lucind-ai/internal/reconcile	13.061s
ok  	github.com/LanzerDevCorp/lucind-ai/internal/resolve	3.519s
ok  	github.com/LanzerDevCorp/lucind-ai/internal/result	1.158s
ok  	github.com/LanzerDevCorp/lucind-ai/internal/run	68.523s
ok  	github.com/LanzerDevCorp/lucind-ai/internal/serve	5.594s
ok  	github.com/LanzerDevCorp/lucind-ai/internal/worktree	3.029s
